[backblue.gif]
[fade.gif]
[index.html]
[www.schloss-freudenfels.ch/index.html]
[www.schloss-freudenfels.ch/en/index.html]
[www.schloss-freudenfels.ch/de/index.html]
[www.schloss-freudenfels.ch/OpenGraphImage-J7OLYR66.jpg]
[www.schloss-freudenfels.ch/favicon-OWSPSPJF.png]
[www.schloss-freudenfels.ch/Grafier-RegularDisplay-JBYXNUJ4.woff2]
[www.schloss-freudenfels.ch/NeueMachina-Black-3G4SBTUK.woff2]
[www.schloss-freudenfels.ch/NeueMachina-Regular-RIUAPWEK.woff2]
[www.schloss-freudenfels.ch/NeueMachina-Ultralight-L6F37B7B.woff2]
[www.schloss-freudenfels.ch/de/adventsfenster/index.html]
[www.schloss-freudenfels.ch/de/sommerfrische/index.html]
[www.schloss-freudenfels.ch/de/veranstaltungen/index.html]
[www.schloss-freudenfels.ch/de/restaurant/index.html]
[www.schloss-freudenfels.ch/de/hotel/index.html]
[www.schloss-freudenfels.ch/en/restaurant/index.html]
[www.schloss-freudenfels.ch/de/index-2.html]
[www.schloss-freudenfels.ch/en/hotel/index.html]
[www.schloss-freudenfels.ch/de/auffahrt/index.html]
[www.schloss-freudenfels.ch/de/wild-event/index.html]
[www.schloss-freudenfels.ch/de/heiraten-auf-dem-schloss/index.html]
[www.schloss-freudenfels.ch/de/metzgete/index.html]
[www.schloss-freudenfels.ch/de/ostern/index.html]
[www.schloss-freudenfels.ch/de/kontakt/index.html]
[www.schloss-freudenfels.ch/de/event/index.html]
[www.schloss-freudenfels.ch/en/kontakt/index.html]
[www.schloss-freudenfels.ch/de/lieferanten/index.html]
[www.schloss-freudenfels.ch/en/sommerfrische/index.html]
[www.schloss-freudenfels.ch/de/seminar/index.html]
[www.schloss-freudenfels.ch/en/cause-we-care/index.html]
[www.schloss-freudenfels.ch/en/event/index.html]
[www.schloss-freudenfels.ch/en/lieferanten/index.html]
[www.schloss-freudenfels.ch/de/cause-we-care/index.html]
[www.schloss-freudenfels.ch/de/tag-der-offenen-tur/index.html]
[www.schloss-freudenfels.ch/en/ostern/index.html]
[www.schloss-freudenfels.ch/de/theater-annet-am-rhy/index.html]
[www.schloss-freudenfels.ch/de/chor-der-100/index.html]
[www.schloss-freudenfels.ch/en/index-2.html]
[www.schloss-freudenfels.ch/de/comedy-dinner/index.html]
[www.schloss-freudenfels.ch/de/buchungsanfrage/index.html]
[www.schloss-freudenfels.ch/de/tickets-sommerfest/index.html]
[www.schloss-freudenfels.ch/en/impressum/index.html]
[www.schloss-freudenfels.ch/de/impressum/index.html]
[www.schloss-freudenfels.ch/en/booking-enquiry/index.html]
[www.schloss-freudenfels.ch/en/form-successfully-submitted/index.html]
[www.schloss-freudenfels.ch/de/form-successfully-submitted/index.html]
[www.schloss-freudenfels.ch/en/seminar/index.html]
[www.schloss-freudenfels.ch/de/order-successfully-submitted/index.html]
[www.schloss-freudenfels.ch/de/nachricht/index.html]
[www.schloss-freudenfels.ch/de/bewerbung/index.html]
[www.schloss-freudenfels.ch/de/arbeiten-auf-dem-schloss/index.html]
[www.schloss-freudenfels.ch/de/anfrage-hochzeit-friday-special/index.html]
[www.schloss-freudenfels.ch/de/anfrage-seminar/index.html]
[www.schloss-freudenfels.ch/de/initiativ-bewerbung/index.html]
[www.schloss-freudenfels.ch/de/anfrage-event/index.html]
[www.schloss-freudenfels.ch/de/anfrage-hochzeit/index.html]
[www.schloss-freudenfels.ch/en/404/index.html]
[www.schloss-freudenfels.ch/en/legal/index.html]
[www.schloss-freudenfels.ch/de/legal/index.html]
[www.schloss-freudenfels.ch/de/404/index.html]
[www.schloss-freudenfels.ch/unpublished/index.html]
[www.schloss-freudenfels.ch/de/sommerfrische/index-2.html]
[www.schloss-freudenfels.ch/de/veranstaltungen/index-2.html]
[www.schloss-freudenfels.ch/de/restaurant/index-2.html]
[www.schloss-freudenfels.ch/index.js]
[www.schloss-freudenfels.ch/de/hotel/index-2.html]
[www.schloss-freudenfels.ch/en/restaurant/index-2.html]
[static.cdn.prismic.io/prismic109a.js]
[www.schloss-freudenfels.ch/de/auffahrt/index-2.html]
[www.schloss-freudenfels.ch/de/wild-event/index-2.html]
[www.schloss-freudenfels.ch/en/hotel/index-2.html]
[www.schloss-freudenfels.ch/index.css]
[www.schloss-freudenfels.ch/de/heiraten-auf-dem-schloss/index-2.html]
[www.schloss-freudenfels.ch/de/ostern/index-2.html]
[www.schloss-freudenfels.ch/de/metzgete/index-2.html]
[www.schloss-freudenfels.ch/map_mobile.image-K6Q4D5WI.svg]
[external.html]
[www.schloss-freudenfels.ch/de/kontakt/index-2.html]
[www.schloss-freudenfels.ch/de/event/index-2.html]
[www.schloss-freudenfels.ch/en/kontakt/index-2.html]
[www.schloss-freudenfels.ch/de/lieferanten/index-2.html]
[schloss-freudenfels.cdn.prismic.io/schloss-freudenfels/aRSXoLpReVYa4Yjz_SFGa%CC%88stemappe-Mobile--EN-.pdf]
[www.schloss-freudenfels.ch/de/seminar/index-2.html]
[www.schloss-freudenfels.ch/en/cause-we-care/index-2.html]
[www.schloss-freudenfels.ch/en/sommerfrische/index-2.html]
[schloss-freudenfels.cdn.prismic.io/schloss-freudenfels/aTFEm3NYClf9ny_N_okgo.svg_; filename_=UTF-8''aTFEm3NYClf9ny_N_okgo.svg]
[www.schloss-freudenfels.ch/en/lieferanten/index-2.html]
[www.schloss-freudenfels.ch/en/event/index-2.html]
[schloss-freudenfels.cdn.prismic.io/schloss-freudenfels/SF%20Kissenmenu%20%28Mobile%29.pdf]
[www.schloss-freudenfels.ch/de/cause-we-care/index-2.html]
[scripts.simpleanalyticscdn.com/latest.js]
[www.schloss-freudenfels.ch/de/theater-annet-am-rhy/index-2.html]
[www.schloss-freudenfels.ch/de/tag-der-offenen-tur/index-2.html]
[www.schloss-freudenfels.ch/en/ostern/index-2.html]
[www.schloss-freudenfels.ch/de/chor-der-100/index-2.html]
[www.schloss-freudenfels.ch/en/index.html]
[www.schloss-freudenfels.ch/de/tickets-sommerfest/index-2.html]
[www.schloss-freudenfels.ch/en/impressum/index-2.html]
[www.schloss-freudenfels.ch/de/comedy-dinner/index-2.html]
[www.schloss-freudenfels.ch/de/buchungsanfrage/index-2.html]
[www.schloss-freudenfels.ch/de/impressum/index-2.html]
[www.schloss-freudenfels.ch/en/form-successfully-submitted/index-2.html]
[www.schloss-freudenfels.ch/de/index.html]
[www.schloss-freudenfels.ch/en/booking-enquiry/index-2.html]
[schloss-freudenfels.cdn.prismic.io/schloss-freudenfels/aRSXn7pReVYa4Yjy_SFGa%CC%88stemappe-Mobile--DE-.pdf]
[www.schloss-freudenfels.ch/de/adventsfenster/index.html]
[www.schloss-freudenfels.ch/de/form-successfully-submitted/index-2.html]
[www.schloss-freudenfels.ch/de/order-successfully-submitted/index-2.html]
[www.schloss-freudenfels.ch/en/seminar/index-2.html]
[www.schloss-freudenfels.ch/de/nachricht/index-2.html]
[www.schloss-freudenfels.ch/de/bewerbung/index-2.html]
[www.schloss-freudenfels.ch/de/arbeiten-auf-dem-schloss/index-2.html]
[www.schloss-freudenfels.ch/de/sommerfrische/index.html]
[www.schloss-freudenfels.ch/de/anfrage-hochzeit-friday-special/index-2.html]
[www.schloss-freudenfels.ch/de/anfrage-seminar/index-2.html]
[schloss-freudenfels.cdn.prismic.io/schloss-freudenfels/ahkoPgeQX7-eWaso_AbendkarteSommerfrische.pdf]
[www.schloss-freudenfels.ch/de/initiativ-bewerbung/index-2.html]
[www.schloss-freudenfels.ch/de/anfrage-event/index-2.html]
[schloss-freudenfels.cdn.prismic.io/schloss-freudenfels/ahkoJQeQX7-eWasm_SnackkarteSommerfrische.pdf]
[www.schloss-freudenfels.ch/de/anfrage-hochzeit/index-2.html]
[schloss-freudenfels.cdn.prismic.io/schloss-freudenfels/afx8bsBOoF08xt1g_SFGetr%C3%A4nkekarte.pdf]
[www.schloss-freudenfels.ch/de/veranstaltungen/index.html]
[www.schloss-freudenfels.ch/en/404/index-2.html]
[www.schloss-freudenfels.ch/de/restaurant/index.html]
[www.schloss-freudenfels.ch/de/hotel/index.html]
[www.schloss-freudenfels.ch/en/legal/index-2.html]
[schloss-freudenfels.cdn.prismic.io/schloss-freudenfels/afXCxMBOoF08xjIq_SFBankettDossier.pdf]
[schloss-freudenfels.cdn.prismic.io/schloss-freudenfels/afXC8MBOoF08xjIs_SFHochzeitDossier.pdf]
[www.schloss-freudenfels.ch/de/legal/index-2.html]
[schloss-freudenfels.cdn.prismic.io/schloss-freudenfels/Z1LOepbqstJ98HrA_SFSeminarDossier2025.pdf]
[www.schloss-freudenfels.ch/de/404/index-2.html]
[www.schloss-freudenfels.ch/en/restaurant/index.html]
[www.schloss-freudenfels.ch/de/adventsfenster/index-2.html]
[www.schloss-freudenfels.ch/de/index-2.html]
[schloss-freudenfels.cdn.prismic.io/schloss-freudenfels/11_Preisliste_Seminare_Schloss%20Freudenfels_2023_eng.pdf]
[www.schloss-freudenfels.ch/en/hotel/index.html]
[schloss-freudenfels.cdn.prismic.io/schloss-freudenfels/ad4QFp1ZCF7ETKo5_MenuAuffahrt.pdf]
[schloss-freudenfels.cdn.prismic.io/schloss-freudenfels/aeH00J1ZCF7ETR_i_Snackkarte.pdf]
[schloss-freudenfels.cdn.prismic.io/schloss-freudenfels/ad4QUZ1ZCF7ETKpS_MenuKonzert.pdf]
[www.schloss-freudenfels.ch/de/auffahrt/index.html]
[schloss-freudenfels.cdn.prismic.io/schloss-freudenfels/SF%20Ga%CC%88stemappe%20%28Mobile%29%28EN%29.pdf]
[www.schloss-freudenfels.ch/de/wild-event/index.html]
[www.schloss-freudenfels.ch/de/heiraten-auf-dem-schloss/index.html]
[images.prismic.io/schloss-freudenfels/adY2Mp1ZCF7ES9Rz_293f3.jpg]
[schloss-freudenfels.cdn.prismic.io/schloss-freudenfels/aeH6EZ1ZCF7ETSC7_MenuMetzgete.pdf]
[www.schloss-freudenfels.ch/de/metzgete/index.html]
[schloss-freudenfels.cdn.prismic.io/schloss-freudenfels/15_Feiern%20auf%20Schloss%20Freudenfels_2023.pdf]
[schloss-freudenfels.cdn.prismic.io/schloss-freudenfels/abgCC7bci2UF6DEN_Men%C3%BCsOstertage.pdf]
[schloss-freudenfels.cdn.prismic.io/schloss-freudenfels/13_Hochzeitsdossier_Schloss%20Freudenfels_2023.pdf]
[www.schloss-freudenfels.ch/de/ostern/index.html]
[www.schloss-freudenfels.ch/de/kontakt/index.html]
[www.schloss-freudenfels.ch/de/event/index.html]
[www.schloss-freudenfels.ch/en/kontakt/index.html]
[schloss-freudenfels.cdn.prismic.io/schloss-freudenfels/abgEh7bci2UF6DI0_T%C3%A4glichesAngebot.pdf]
[www.schloss-freudenfels.ch/de/lieferanten/www.tgmost.59.delayed]
[www.schloss-freudenfels.ch/de/lieferanten/index.html]
[www.schloss-freudenfels.ch/en/sommerfrische/www.causewecare.5a.delayed]
[www.schloss-freudenfels.ch/en/sommerfrische/index.html]
[www.schloss-freudenfels.ch/de/seminar/index.html]
[www.schloss-freudenfels.ch/en/cause-we-care/index.html]
[www.schloss-freudenfels.ch/en/event/index.html]
[www.schloss-freudenfels.ch/en/lieferanten/www.tgmost.5e.delayed]
[www.schloss-freudenfels.ch/en/lieferanten/index.html]
[www.schloss-freudenfels.ch/de/cause-we-care/index.html]
[www.schloss-freudenfels.ch/de/tag-der-offenen-tur/index.html]
[www.schloss-freudenfels.ch/en/ostern/index.html]
[schloss-freudenfels.cdn.prismic.io/schloss-freudenfels/Z1LYtpbqstJ98IBD_SFWinterangebotFlyer-2025-.pdf]
[www.schloss-freudenfels.ch/de/theater-annet-am-rhy/index.html]
[schloss-freudenfels.cdn.prismic.io/schloss-freudenfels/Z2gFq5bqstJ98xEE_Menu.pdf]
[www.schloss-freudenfels.ch/de/chor-der-100/index.html]
[www.schloss-freudenfels.ch/en/index-2.html]
[schloss-freudenfels.cdn.prismic.io/schloss-freudenfels/Z63fx5bqstJ9-kUJ_2025-03-30DinnerKonzert.pdf]
[www.schloss-freudenfels.ch/de/comedy-dinner/index.html]
[www.schloss-freudenfels.ch/de/buchungsanfrage/index.html]
[www.schloss-freudenfels.ch/de/tickets-sommerfest/index.html]
[www.schloss-freudenfels.ch/en/impressum/index.html]
[www.schloss-freudenfels.ch/de/impressum/index.html]
[www.schloss-freudenfels.ch/en/booking-enquiry/index.html]
[www.schloss-freudenfels.ch/en/form-successfully-submitted/index.html]
[www.schloss-freudenfels.ch/de/form-successfully-submitted/index.html]
[www.schloss-freudenfels.ch/de/senderliste/index.html]
[www.schloss-freudenfels.ch/en/seminar/index.html]
[www.schloss-freudenfels.ch/de/order-successfully-submitted/index.html]
[www.schloss-freudenfels.ch/de/nachricht/index.html]
[www.schloss-freudenfels.ch/de/bewerbung/index.html]
[schloss-freudenfels.cdn.prismic.io/schloss-freudenfels/aG0sQ0MqNJQqHrbv_Men%C3%BCAlcomedian.pdf]
[schloss-freudenfels.cdn.prismic.io/schloss-freudenfels/aPdbJLpReVYa3glW_251021_SFRahmenprogramm2025ffUpdate-DE-.pdf]
[schloss-freudenfels.cdn.prismic.io/schloss-freudenfels/TVChannels.pdf]
[www.schloss-freudenfels.ch/de/arbeiten-auf-dem-schloss/index.html]
[www.schloss-freudenfels.ch/de/anfrage-hochzeit-friday-special/index.html]
[www.schloss-freudenfels.ch/de/anfrage-seminar/index.html]
[www.schloss-freudenfels.ch/de/initiativ-bewerbung/index.html]
[www.schloss-freudenfels.ch/de/anfrage-event/index.html]
[www.schloss-freudenfels.ch/de/anfrage-hochzeit/index.html]
[www.schloss-freudenfels.ch/en/404/index.html]
[www.schloss-freudenfels.ch/de/info/index.html]
[www.schloss-freudenfels.ch/en/legal/index.html]
[www.schloss-freudenfels.ch/de/legal/index.html]
[www.schloss-freudenfels.ch/de/hochzeiten-und-feiern/index.html]
[www.schloss-freudenfels.ch/de/404/index.html]
[www.schloss-freudenfels.ch/en/info/index.html]
[www.schloss-freudenfels.ch/unpublished/index.html]
[www.schloss-freudenfels.ch/de/sommerfrische/index-2.html]
[www.schloss-freudenfels.ch/de/veranstaltungen/index-2.html]
[www.schloss-freudenfels.ch/de/restaurant/index-2.html]
[www.schloss-freudenfels.ch/de/hotel/index-2.html]
[www.schloss-freudenfels.ch/en/restaurant/index-2.html]
[www.schloss-freudenfels.ch/en/hotel/index-2.html]
[www.schloss-freudenfels.ch/de/auffahrt/index-2.html]
[www.schloss-freudenfels.ch/de/wild-event/index-2.html]
[www.schloss-freudenfels.ch/de/heiraten-auf-dem-schloss/index-2.html]
[www.schloss-freudenfels.ch/de/metzgete/index-2.html]
[www.schloss-freudenfels.ch/de/ostern/index-2.html]
[www.schloss-freudenfels.ch/de/kontakt/index-2.html]
[www.schloss-freudenfels.ch/de/event/index-2.html]
[www.schloss-freudenfels.ch/en/kontakt/index-2.html]
[www.schloss-freudenfels.ch/de/lieferanten/index-2.html]
[www.schloss-freudenfels.ch/en/sommerfrische/index-2.html]
[www.schloss-freudenfels.ch/de/seminar/index-2.html]
[www.schloss-freudenfels.ch/en/cause-we-care/index-2.html]
[www.schloss-freudenfels.ch/en/event/index-2.html]
[www.schloss-freudenfels.ch/en/lieferanten/index-2.html]
[www.schloss-freudenfels.ch/de/cause-we-care/index-2.html]
[www.schloss-freudenfels.ch/de/tag-der-offenen-tur/index-2.html]
[www.schloss-freudenfels.ch/en/ostern/index-2.html]
[www.schloss-freudenfels.ch/de/theater-annet-am-rhy/index-2.html]
[www.schloss-freudenfels.ch/de/chor-der-100/index-2.html]
[www.schloss-freudenfels.ch/de/comedy-dinner/index-2.html]
[www.schloss-freudenfels.ch/de/buchungsanfrage/index-2.html]
[www.schloss-freudenfels.ch/de/tickets-sommerfest/index-2.html]
[www.schloss-freudenfels.ch/en/impressum/index-2.html]
[www.schloss-freudenfels.ch/de/impressum/index-2.html]
[www.schloss-freudenfels.ch/en/booking-enquiry/index-2.html]
[www.schloss-freudenfels.ch/en/form-successfully-submitted/index-2.html]
[www.schloss-freudenfels.ch/de/form-successfully-submitted/index-2.html]
[www.schloss-freudenfels.ch/de/senderliste/index-2.html]
[www.schloss-freudenfels.ch/en/seminar/index-2.html]
[www.schloss-freudenfels.ch/de/order-successfully-submitted/index-2.html]
[www.schloss-freudenfels.ch/de/nachricht/index-2.html]
[www.schloss-freudenfels.ch/de/bewerbung/index-2.html]
[www.schloss-freudenfels.ch/de/arbeiten-auf-dem-schloss/index-2.html]
[www.schloss-freudenfels.ch/de/anfrage-hochzeit-friday-special/index-2.html]
[www.schloss-freudenfels.ch/de/anfrage-seminar/index-2.html]
[www.schloss-freudenfels.ch/de/initiativ-bewerbung/index-2.html]
[www.schloss-freudenfels.ch/de/anfrage-event/index-2.html]
[www.schloss-freudenfels.ch/de/anfrage-hochzeit/index-2.html]
[www.schloss-freudenfels.ch/en/404/index-2.html]
[www.schloss-freudenfels.ch/de/info/index-2.html]
[www.schloss-freudenfels.ch/en/legal/index-2.html]
[www.schloss-freudenfels.ch/de/legal/index-2.html]
[www.schloss-freudenfels.ch/de/hochzeiten-und-feiern/index-2.html]
[www.schloss-freudenfels.ch/de/404/index-2.html]
[www.schloss-freudenfels.ch/en/info/index-2.html]
[www.schloss-freudenfels.ch/index.css]
[www.schloss-freudenfels.ch/map_mobile.image-K6Q4D5WI.svg]
[schloss-freudenfels.cdn.prismic.io/schloss-freudenfels/aTFEm3NYClf9ny_N_okgo.svg_; filename_=UTF-8''aTFEm3NYClf9ny_N_okgo.svg]
[queue.simpleanalyticscdn.com/noscript.gif]
[www.schloss-freudenfels.ch/de/adventsfenster/index-2.html]
[www.schloss-freudenfels.ch/de/lieferanten/404.html]
[www.schloss-freudenfels.ch/en/sommerfrische/404.html]
[schloss-freudenfels.cdn.prismic.io/schloss-freudenfels/aXYHXgIvOtkhB6pH_SFSeminarFactsheet+Preisliste2026.pdf]
[www.schloss-freudenfels.ch/en/lieferanten/404.html]
[schloss-freudenfels.cdn.prismic.io/schloss-freudenfels/afiLDsBOoF08xkrn_ServiceMitarbeiterperAugust26.pdf]
[www.schloss-freudenfels.ch/de/e-mail-formular/indexec15.html]
[www.schloss-freudenfels.ch/de/e-mail-formular/indexec15.html]
